\BOOKMARK [1][-]{toc.1}{\376\377\000T\000a\000b\000l\000e\000\040\000d\000e\000s\000\040\000m\000a\000t\000i\000\350\000r\000e\000s}{}% 1
\BOOKMARK [0][-]{chapter*.2}{\376\377\000I\000N\000T\000R\000O\000D\000U\000C\000T\000I\000O\000N}{}% 2
\BOOKMARK [1][-]{section.0.1}{\376\377\000C\000O\000N\000T\000E\000X\000T\000E\000\040\000G\000\311\000N\000\311\000R\000A\000L\000\040\000D\000E\000\040\000L\000'\000\311\000T\000U\000D\000E}{chapter*.2}% 3
\BOOKMARK [1][-]{section.0.2}{\376\377\000P\000R\000O\000B\000L\000\311\000M\000A\000T\000I\000Q\000U\000E}{chapter*.2}% 4
\BOOKMARK [1][-]{section.0.3}{\376\377\000H\000Y\000P\000O\000T\000H\000\310\000S\000E\000S\000\040\000D\000E\000\040\000R\000E\000C\000H\000E\000R\000C\000H\000E}{chapter*.2}% 5
\BOOKMARK [2][-]{subsection.0.3.1}{\376\377\000H\000y\000p\000o\000t\000h\000\350\000s\000e\000\040\000g\000\351\000n\000\351\000r\000a\000l\000e}{section.0.3}% 6
\BOOKMARK [2][-]{subsection.0.3.2}{\376\377\000H\000y\000p\000o\000t\000h\000\350\000s\000e\000s\000\040\000s\000p\000\351\000c\000i\000f\000i\000q\000u\000e\000s}{section.0.3}% 7
\BOOKMARK [2][-]{subsection.0.3.3}{\376\377\000P\000r\000e\000m\000i\000\350\000r\000e\000\040\000h\000y\000p\000o\000t\000h\000\350\000s\000e\000\040\000s\000p\000\351\000c\000i\000f\000i\000q\000u\000e}{section.0.3}% 8
\BOOKMARK [2][-]{subsection.0.3.4}{\376\377\000D\000e\000u\000x\000i\000\350\000m\000e\000\040\000h\000y\000p\000o\000t\000h\000\350\000s\000e\000\040\000s\000p\000\351\000c\000i\000f\000i\000q\000u\000e}{section.0.3}% 9
\BOOKMARK [2][-]{subsection.0.3.5}{\376\377\000T\000r\000o\000i\000s\000i\000\350\000m\000e\000\040\000h\000y\000p\000o\000t\000h\000\350\000s\000e\000\040\000s\000p\000\351\000c\000i\000f\000i\000q\000u\000e}{section.0.3}% 10
\BOOKMARK [2][-]{subsection.0.3.6}{\376\377\000Q\000u\000a\000t\000r\000i\000\350\000m\000e\000\040\000h\000y\000p\000o\000t\000h\000\350\000s\000e\000\040\000s\000p\000\351\000c\000i\000f\000i\000q\000u\000e}{section.0.3}% 11
\BOOKMARK [1][-]{section.0.4}{\376\377\000O\000B\000J\000E\000C\000T\000I\000F\000S\000\040\000D\000E\000\040\000L\000'\000\311\000T\000U\000D\000E}{chapter*.2}% 12
\BOOKMARK [2][-]{subsection.0.4.1}{\376\377\000O\000b\000j\000e\000c\000t\000i\000f\000\040\000g\000\351\000n\000\351\000r\000a\000l}{section.0.4}% 13
\BOOKMARK [2][-]{subsection.0.4.2}{\376\377\000O\000b\000j\000e\000c\000t\000i\000f\000s\000\040\000s\000p\000\351\000c\000i\000f\000i\000q\000u\000e\000s}{section.0.4}% 14
\BOOKMARK [1][-]{section.0.5}{\376\377\000I\000N\000T\000\311\000R\000\312\000T\000\040\000D\000E\000\040\000L\000\047\000\311\000T\000U\000D\000E}{chapter*.2}% 15
\BOOKMARK [2][-]{subsection.0.5.1}{\376\377\000I\000n\000t\000\351\000r\000\352\000t\000\040\000s\000c\000i\000e\000n\000t\000i\000f\000i\000q\000u\000e}{section.0.5}% 16
\BOOKMARK [2][-]{subsection.0.5.2}{\376\377\000I\000n\000t\000\351\000r\000\352\000t\000\040\000p\000r\000a\000t\000i\000q\000u\000e}{section.0.5}% 17
\BOOKMARK [1][-]{section.0.6}{\376\377\000D\000\311\000L\000I\000M\000I\000T\000A\000T\000I\000O\000N\000\040\000D\000E\000\040\000L\000'\000\311\000T\000U\000D\000E}{chapter*.2}% 18
\BOOKMARK [2][-]{subsection.0.6.1}{\376\377\000D\000\351\000l\000i\000m\000i\000t\000a\000t\000i\000o\000n\000\040\000s\000p\000a\000t\000i\000a\000l\000e}{section.0.6}% 19
\BOOKMARK [2][-]{subsection.0.6.2}{\376\377\000D\000\351\000l\000i\000m\000i\000t\000a\000t\000i\000o\000n\000\040\000t\000e\000m\000p\000o\000r\000e\000l\000l\000e}{section.0.6}% 20
\BOOKMARK [2][-]{subsection.0.6.3}{\376\377\000D\000\351\000l\000i\000m\000i\000t\000a\000t\000i\000o\000n\000\040\000t\000h\000\351\000m\000a\000t\000i\000q\000u\000e}{section.0.6}% 21
\BOOKMARK [2][-]{subsection.0.6.4}{\376\377\000D\000\351\000l\000i\000m\000i\000t\000a\000t\000i\000o\000n\000\040\000m\000\351\000t\000h\000o\000d\000o\000l\000o\000g\000i\000q\000u\000e}{section.0.6}% 22
\BOOKMARK [1][-]{section.0.7}{\376\377\000S\000U\000B\000D\000I\000V\000I\000S\000I\000O\000N\000\040\000D\000U\000\040\000M\000\311\000M\000O\000I\000R\000E}{chapter*.2}% 23
\BOOKMARK [0][-]{chapter.1}{\376\377\000R\000E\000V\000U\000E\000\040\000D\000E\000\040\000L\000A\000\040\000L\000I\000T\000T\000\311\000R\000A\000T\000U\000R\000E\000\040\000E\000T\000\040\000F\000O\000N\000D\000E\000M\000E\000N\000T\000S\000\040\000T\000H\000\311\000O\000R\000I\000Q\000U\000E\000S}{}% 24
\BOOKMARK [1][-]{section.1.1}{\376\377\000C\000o\000n\000c\000e\000p\000t\000s\000\040\000f\000o\000n\000d\000a\000m\000e\000n\000t\000a\000u\000x\000\040\000l\000i\000\351\000s\000\040\000\340\000\040\000l\000a\000\040\000d\000i\000s\000t\000r\000i\000b\000u\000t\000i\000o\000n\000\040\000d\000e\000\040\000l\000'\000e\000a\000u\000\040\000p\000o\000t\000a\000b\000l\000e}{chapter.1}% 25
\BOOKMARK [2][-]{subsection.1.1.1}{\376\377\000D\000\351\000f\000i\000n\000i\000t\000i\000o\000n\000\040\000d\000e\000\040\000l\000'\000e\000a\000u\000\040\000p\000o\000t\000a\000b\000l\000e}{section.1.1}% 26
\BOOKMARK [2][-]{subsection.1.1.2}{\376\377\000R\000\351\000s\000e\000a\000u\000\040\000d\000e\000\040\000d\000i\000s\000t\000r\000i\000b\000u\000t\000i\000o\000n\000\040\000d\000'\000e\000a\000u\000\040\000p\000o\000t\000a\000b\000l\000e}{section.1.1}% 27
\BOOKMARK [2][-]{subsection.1.1.3}{\376\377\000C\000o\000m\000p\000o\000s\000a\000n\000t\000e\000s\000\040\000d\000u\000\040\000r\000\351\000s\000e\000a\000u}{section.1.1}% 28
\BOOKMARK [1][-]{section.1.2}{\376\377\000D\000\351\000p\000l\000o\000i\000e\000m\000e\000n\000t\000\040\000d\000'\000u\000n\000\040\000r\000\351\000s\000e\000a\000u\000\040\000d\000e\000\040\000d\000i\000s\000t\000r\000i\000b\000u\000t\000i\000o\000n\000\040\000d\000'\000e\000a\000u\000\040\000p\000o\000t\000a\000b\000l\000e}{chapter.1}% 29
\BOOKMARK [1][-]{section.1.3}{\376\377\000S\000u\000r\000v\000e\000i\000l\000l\000a\000n\000c\000e\000\040\000d\000'\000u\000n\000\040\000r\000\351\000s\000e\000a\000u\000\040\000d\000e\000\040\000d\000i\000s\000t\000r\000i\000b\000u\000t\000i\000o\000n\000\040\000d\000'\000e\000a\000u\000\040\000p\000o\000t\000a\000b\000l\000e}{chapter.1}% 30
\BOOKMARK [1][-]{section.1.4}{\376\377\000M\000a\000i\000n\000t\000e\000n\000a\000n\000c\000e\000\040\000d\000'\000u\000n\000\040\000r\000\351\000s\000e\000a\000u\000\040\000d\000e\000\040\000d\000i\000s\000t\000r\000i\000b\000u\000t\000i\000o\000n\000\040\000d\000'\000e\000a\000u\000\040\000p\000o\000t\000a\000b\000l\000e}{chapter.1}% 31
\BOOKMARK [1][-]{section.1.5}{\376\377\000T\000e\000c\000h\000n\000o\000l\000o\000g\000i\000e\000s\000\040\000n\000u\000m\000\351\000r\000i\000q\000u\000e\000s\000\040\000a\000p\000p\000l\000i\000q\000u\000\351\000e\000s\000\040\000\340\000\040\000l\000a\000\040\000g\000e\000s\000t\000i\000o\000n\000\040\000d\000e\000s\000\040\000r\000\351\000s\000e\000a\000u\000x\000\040\000d\000'\000e\000a\000u\000\040\000p\000o\000t\000a\000b\000l\000e}{chapter.1}% 32
\BOOKMARK [1][-]{section.1.6}{\376\377\000L\000e\000\040\000c\000o\000n\000c\000e\000p\000t\000\040\000d\000e\000\040\000j\000u\000m\000e\000a\000u\000\040\000n\000u\000m\000\351\000r\000i\000q\000u\000e\000\040\000\050\000D\000i\000g\000i\000t\000a\000l\000\040\000T\000w\000i\000n\000\051}{chapter.1}% 33
\BOOKMARK [1][-]{section.1.7}{\376\377\000A\000r\000c\000h\000i\000t\000e\000c\000t\000u\000r\000e\000\040\000e\000t\000\040\000f\000o\000n\000c\000t\000i\000o\000n\000n\000e\000m\000e\000n\000t\000\040\000d\000'\000u\000n\000\040\000j\000u\000m\000e\000a\000u\000\040\000n\000u\000m\000\351\000r\000i\000q\000u\000e}{chapter.1}% 34
\BOOKMARK [1][-]{section.1.8}{\376\377\000I\000n\000t\000e\000l\000l\000i\000g\000e\000n\000c\000e\000\040\000a\000r\000t\000i\000f\000i\000c\000i\000e\000l\000l\000e\000\040\000a\000p\000p\000l\000i\000q\000u\000\351\000e\000\040\000\340\000\040\000l\000a\000\040\000g\000e\000s\000t\000i\000o\000n\000\040\000d\000e\000s\000\040\000r\000\351\000s\000e\000a\000u\000x\000\040\000d\000'\000e\000a\000u\000\040\000p\000o\000t\000a\000b\000l\000e}{chapter.1}% 35
\BOOKMARK [1][-]{section.1.9}{\376\377\000I\000n\000t\000\351\000g\000r\000a\000t\000i\000o\000n\000\040\000d\000u\000\040\000j\000u\000m\000e\000a\000u\000\040\000n\000u\000m\000\351\000r\000i\000q\000u\000e\000\040\000e\000t\000\040\000d\000e\000\040\000l\000'\000i\000n\000t\000e\000l\000l\000i\000g\000e\000n\000c\000e\000\040\000a\000r\000t\000i\000f\000i\000c\000i\000e\000l\000l\000e}{chapter.1}% 36
\BOOKMARK [1][-]{section.1.10}{\376\377\000R\000e\000v\000u\000e\000\040\000d\000e\000s\000\040\000t\000r\000a\000v\000a\000u\000x\000\040\000a\000n\000t\000\351\000r\000i\000e\000u\000r\000s}{chapter.1}% 37
\BOOKMARK [0][-]{chapter.2}{\376\377\000C\000A\000D\000R\000E\000\040\000M\000\311\000T\000H\000O\000D\000O\000L\000O\000G\000I\000Q\000U\000E\000\040\000E\000T\000\040\000P\000R\000\311\000S\000E\000N\000T\000A\000T\000I\000O\000N\000\040\000D\000U\000\040\000M\000I\000L\000I\000E\000U\000\040\000D\000\047\000\311\000T\000U\000D\000E}{}% 38
\BOOKMARK [1][-]{section.2.1}{\376\377\000I\000n\000t\000r\000o\000d\000u\000c\000t\000i\000o\000n\000\040\000d\000u\000\040\000c\000h\000a\000p\000i\000t\000r\000e}{chapter.2}% 39
\BOOKMARK [1][-]{section.2.2}{\376\377\000P\000r\000\351\000s\000e\000n\000t\000a\000t\000i\000o\000n\000\040\000d\000u\000\040\000m\000i\000l\000i\000e\000u\000\040\000d\000\047\000\351\000t\000u\000d\000e}{chapter.2}% 40
\BOOKMARK [2][-]{subsection.2.2.1}{\376\377\000P\000r\000\351\000s\000e\000n\000t\000a\000t\000i\000o\000n\000\040\000d\000e\000\040\000l\000a\000\040\000v\000i\000l\000l\000e\000\040\000d\000e\000\040\000B\000u\000k\000a\000v\000u}{section.2.2}% 41
\BOOKMARK [2][-]{subsection.2.2.2}{\376\377\000P\000r\000\351\000s\000e\000n\000t\000a\000t\000i\000o\000n\000\040\000d\000e\000\040\000l\000a\000\040\000c\000o\000m\000m\000u\000n\000e\000\040\000d\000e\000\040\000K\000a\000d\000u\000t\000u}{section.2.2}% 42
\BOOKMARK [2][-]{subsection.2.2.3}{\376\377\000P\000r\000\351\000s\000e\000n\000t\000a\000t\000i\000o\000n\000\040\000d\000u\000\040\000r\000\351\000s\000e\000a\000u\000\040\000d\000e\000\040\000f\000o\000u\000r\000n\000i\000t\000u\000r\000e\000\040\000d\000\047\000e\000a\000u\000\040\000p\000o\000t\000a\000b\000l\000e\000\040\000d\000e\000\040\000l\000a\000\040\000c\000o\000m\000m\000u\000n\000e\000\040\000d\000e\000\040\000K\000a\000d\000u\000t\000u}{section.2.2}% 43
\BOOKMARK [1][-]{section.2.3}{\376\377\000A\000n\000a\000l\000y\000s\000e\000\040\000d\000u\000\040\000s\000y\000s\000t\000\350\000m\000e\000\040\000e\000x\000i\000s\000t\000a\000n\000t}{chapter.2}% 44
\BOOKMARK [2][-]{subsection.2.3.1}{\376\377\000P\000r\000\351\000s\000e\000n\000t\000a\000t\000i\000o\000n\000\040\000d\000u\000\040\000s\000y\000s\000t\000\350\000m\000e\000\040\000a\000c\000t\000u\000e\000l\000\040\000d\000e\000\040\000g\000e\000s\000t\000i\000o\000n\000\040\000d\000u\000\040\000r\000\351\000s\000e\000a\000u}{section.2.3}% 45
\BOOKMARK [2][-]{subsection.2.3.2}{\376\377\000L\000i\000m\000i\000t\000e\000s\000\040\000d\000u\000\040\000s\000y\000s\000t\000\350\000m\000e\000\040\000e\000x\000i\000s\000t\000a\000n\000t}{section.2.3}% 46
\BOOKMARK [1][-]{section.2.4}{\376\377\000M\000\351\000t\000h\000o\000d\000o\000l\000o\000g\000i\000e\000\040\000d\000e\000\040\000r\000e\000c\000h\000e\000r\000c\000h\000e}{chapter.2}% 47
\BOOKMARK [1][-]{section.2.5}{\376\377\000M\000\351\000t\000h\000o\000d\000e\000s\000\040\000e\000t\000\040\000t\000e\000c\000h\000n\000i\000q\000u\000e\000s\000\040\000d\000e\000\040\000c\000o\000l\000l\000e\000c\000t\000e\000\040\000d\000e\000s\000\040\000d\000o\000n\000n\000\351\000e\000s}{chapter.2}% 48
\BOOKMARK [2][-]{subsection.2.5.1}{\376\377\000M\000\351\000t\000h\000o\000d\000e\000s\000\040\000d\000e\000\040\000r\000e\000c\000h\000e\000r\000c\000h\000e}{section.2.5}% 49
\BOOKMARK [3][-]{subsubsection.2.5.1.1}{\376\377\000L\000a\000\040\000m\000\351\000t\000h\000o\000d\000e\000\040\000a\000n\000a\000l\000y\000t\000i\000q\000u\000e}{subsection.2.5.1}% 50
\BOOKMARK [3][-]{subsubsection.2.5.1.2}{\376\377\000L\000a\000\040\000m\000\351\000t\000h\000o\000d\000e\000\040\000s\000y\000s\000t\000\351\000m\000i\000q\000u\000e}{subsection.2.5.1}% 51
\BOOKMARK [3][-]{subsubsection.2.5.1.3}{\376\377\000L\000a\000\040\000m\000\351\000t\000h\000o\000d\000e\000\040\000d\000e\000\040\000c\000o\000n\000c\000e\000p\000t\000i\000o\000n}{subsection.2.5.1}% 52
\BOOKMARK [2][-]{subsection.2.5.2}{\376\377\000T\000e\000c\000h\000n\000i\000q\000u\000e\000s\000\040\000d\000e\000\040\000c\000o\000l\000l\000e\000c\000t\000e\000\040\000d\000e\000s\000\040\000d\000o\000n\000n\000\351\000e\000s}{section.2.5}% 53
\BOOKMARK [3][-]{subsubsection.2.5.2.1}{\376\377\000L\000\047\000o\000b\000s\000e\000r\000v\000a\000t\000i\000o\000n\000\040\000d\000i\000r\000e\000c\000t\000e}{subsection.2.5.2}% 54
\BOOKMARK [3][-]{subsubsection.2.5.2.2}{\376\377\000L\000\047\000e\000n\000t\000r\000e\000t\000i\000e\000n}{subsection.2.5.2}% 55
\BOOKMARK [3][-]{subsubsection.2.5.2.3}{\376\377\000L\000\047\000a\000n\000a\000l\000y\000s\000e\000\040\000d\000o\000c\000u\000m\000e\000n\000t\000a\000i\000r\000e}{subsection.2.5.2}% 56
\BOOKMARK [3][-]{subsubsection.2.5.2.4}{\376\377\000L\000a\000\040\000c\000o\000l\000l\000e\000c\000t\000e\000\040\000d\000e\000s\000\040\000d\000o\000n\000n\000\351\000e\000s\000\040\000t\000e\000c\000h\000n\000i\000q\000u\000e\000s}{subsection.2.5.2}% 57
\BOOKMARK [2][-]{subsection.2.5.3}{\376\377\000P\000o\000p\000u\000l\000a\000t\000i\000o\000n\000\040\000d\000\047\000\351\000t\000u\000d\000e}{section.2.5}% 58
\BOOKMARK [2][-]{subsection.2.5.4}{\376\377\000\311\000c\000h\000a\000n\000t\000i\000l\000l\000o\000n\000n\000a\000g\000e}{section.2.5}% 59
\BOOKMARK [2][-]{subsection.2.5.5}{\376\377\000I\000n\000s\000t\000r\000u\000m\000e\000n\000t\000s\000\040\000d\000e\000\040\000c\000o\000l\000l\000e\000c\000t\000e\000\040\000d\000e\000s\000\040\000d\000o\000n\000n\000\351\000e\000s}{section.2.5}% 60
\BOOKMARK [1][-]{section.2.6}{\376\377\000O\000u\000t\000i\000l\000s\000\040\000m\000a\000t\000\351\000r\000i\000e\000l\000s\000\040\000e\000t\000\040\000l\000o\000g\000i\000c\000i\000e\000l\000s\000\040\000u\000t\000i\000l\000i\000s\000\351\000s}{chapter.2}% 61
\BOOKMARK [2][-]{subsection.2.6.1}{\376\377\000O\000u\000t\000i\000l\000s\000\040\000m\000a\000t\000\351\000r\000i\000e\000l\000s}{section.2.6}% 62
\BOOKMARK [2][-]{subsection.2.6.2}{\376\377\000O\000u\000t\000i\000l\000s\000\040\000l\000o\000g\000i\000c\000i\000e\000l\000s}{section.2.6}% 63
\BOOKMARK [3][-]{subsubsection.2.6.2.1}{\376\377\000R\000e\000a\000c\000t\000.\000j\000s\000\040\000a\000v\000e\000c\000\040\000V\000i\000t\000e\000\040\000\050\000J\000S\000X\000\051}{subsection.2.6.2}% 64
\BOOKMARK [3][-]{subsubsection.2.6.2.2}{\376\377\000F\000a\000s\000t\000A\000P\000I}{subsection.2.6.2}% 65
\BOOKMARK [3][-]{subsubsection.2.6.2.3}{\376\377\000P\000y\000t\000h\000o\000n}{subsection.2.6.2}% 66
\BOOKMARK [3][-]{subsubsection.2.6.2.4}{\376\377\000B\000a\000s\000e\000\040\000d\000e\000\040\000d\000o\000n\000n\000\351\000e\000s\000\040\000S\000Q\000L\000i\000t\000e}{subsection.2.6.2}% 67
\BOOKMARK [3][-]{subsubsection.2.6.2.5}{\376\377\000L\000e\000a\000f\000l\000e\000t\000.\000j\000s}{subsection.2.6.2}% 68
\BOOKMARK [3][-]{subsubsection.2.6.2.6}{\376\377\000B\000i\000b\000l\000i\000o\000t\000h\000\350\000q\000u\000e\000s\000\040\000d\000\047\000i\000n\000t\000e\000l\000l\000i\000g\000e\000n\000c\000e\000\040\000a\000r\000t\000i\000f\000i\000c\000i\000e\000l\000l\000e}{subsection.2.6.2}% 69
\BOOKMARK [3][-]{subsubsection.2.6.2.7}{\376\377\000V\000i\000s\000u\000a\000l\000\040\000S\000t\000u\000d\000i\000o\000\040\000C\000o\000d\000e}{subsection.2.6.2}% 70
\BOOKMARK [3][-]{subsubsection.2.6.2.8}{\376\377\000G\000i\000t\000\040\000e\000t\000\040\000G\000i\000t\000H\000u\000b}{subsection.2.6.2}% 71
\BOOKMARK [2][-]{subsection.2.6.3}{\376\377\000J\000u\000s\000t\000i\000f\000i\000c\000a\000t\000i\000o\000n\000\040\000d\000u\000\040\000c\000h\000o\000i\000x\000\040\000d\000e\000s\000\040\000o\000u\000t\000i\000l\000s}{section.2.6}% 72
\BOOKMARK [1][-]{section.2.7}{\376\377\000A\000n\000a\000l\000y\000s\000e\000\040\000d\000e\000s\000\040\000b\000e\000s\000o\000i\000n\000s\000\040\000d\000u\000\040\000s\000y\000s\000t\000\350\000m\000e}{chapter.2}% 73
\BOOKMARK [2][-]{subsection.2.7.1}{\376\377\000B\000e\000s\000o\000i\000n\000s\000\040\000f\000o\000n\000c\000t\000i\000o\000n\000n\000e\000l\000s}{section.2.7}% 74
\BOOKMARK [2][-]{subsection.2.7.2}{\376\377\000B\000e\000s\000o\000i\000n\000s\000\040\000n\000o\000n\000\040\000f\000o\000n\000c\000t\000i\000o\000n\000n\000e\000l\000s}{section.2.7}% 75
\BOOKMARK [2][-]{subsection.2.7.3}{\376\377\000I\000d\000e\000n\000t\000i\000f\000i\000c\000a\000t\000i\000o\000n\000\040\000d\000e\000s\000\040\000a\000c\000t\000e\000u\000r\000s}{section.2.7}% 76
\BOOKMARK [3][-]{subsubsection.2.7.3.1}{\376\377\000\040\000A\000d\000m\000i\000n\000i\000s\000t\000r\000a\000t\000e\000u\000r}{subsection.2.7.3}% 77
\BOOKMARK [3][-]{subsubsection.2.7.3.2}{\376\377\000G\000e\000s\000t\000i\000o\000n\000n\000a\000i\000r\000e\000\040\000d\000u\000\040\000r\000\351\000s\000e\000a\000u}{subsection.2.7.3}% 78
\BOOKMARK [3][-]{subsubsection.2.7.3.3}{\376\377\000T\000e\000c\000h\000n\000i\000c\000i\000e\000n\000\040\000d\000e\000\040\000m\000a\000i\000n\000t\000e\000n\000a\000n\000c\000e}{subsection.2.7.3}% 79
\BOOKMARK [3][-]{subsubsection.2.7.3.4}{\376\377\000C\000a\000p\000t\000e\000u\000r\000s\000\040\000I\000o\000T}{subsection.2.7.3}% 80
\BOOKMARK [2][-]{subsection.2.7.4}{\376\377\000C\000o\000n\000t\000r\000a\000i\000n\000t\000e\000s\000\040\000d\000u\000\040\000s\000y\000s\000t\000\350\000m\000e}{section.2.7}% 81
\BOOKMARK [1][-]{section.2.8}{\376\377\000M\000o\000d\000\351\000l\000i\000s\000a\000t\000i\000o\000n\000\040\000d\000u\000\040\000s\000y\000s\000t\000\350\000m\000e}{chapter.2}% 82
\BOOKMARK [2][-]{subsection.2.8.1}{\376\377\000D\000i\000a\000g\000r\000a\000m\000m\000e\000\040\000d\000e\000\040\000c\000a\000s\000\040\000d\000\047\000u\000t\000i\000l\000i\000s\000a\000t\000i\000o\000n}{section.2.8}% 83
\BOOKMARK [2][-]{subsection.2.8.2}{\376\377\000D\000i\000a\000g\000r\000a\000m\000m\000e\000\040\000d\000e\000\040\000c\000l\000a\000s\000s\000e\000s}{section.2.8}% 84
\BOOKMARK [2][-]{subsection.2.8.3}{\376\377\000D\000i\000a\000g\000r\000a\000m\000m\000e\000\040\000d\000e\000\040\000s\000\351\000q\000u\000e\000n\000c\000e}{section.2.8}% 85
\BOOKMARK [2][-]{subsection.2.8.4}{\376\377\000D\000i\000a\000g\000r\000a\000m\000m\000e\000\040\000d\000\047\000a\000c\000t\000i\000v\000i\000t\000\351\000s}{section.2.8}% 86
\BOOKMARK [2][-]{subsection.2.8.5}{\376\377\000I\000m\000p\000o\000r\000t\000a\000n\000c\000e\000\040\000d\000e\000\040\000l\000a\000\040\000m\000o\000d\000\351\000l\000i\000s\000a\000t\000i\000o\000n\000\040\000U\000M\000L\000\040\000d\000a\000n\000s\000\040\000c\000e\000t\000t\000e\000\040\000\351\000t\000u\000d\000e}{section.2.8}% 87
\BOOKMARK [1][-]{section.2.9}{\376\377\000A\000r\000c\000h\000i\000t\000e\000c\000t\000u\000r\000e\000\040\000g\000\351\000n\000\351\000r\000a\000l\000e\000\040\000d\000u\000\040\000s\000y\000s\000t\000\350\000m\000e\000\040\000p\000r\000o\000p\000o\000s\000\351}{chapter.2}% 88
\BOOKMARK [2][-]{subsection.2.9.1}{\376\377\000A\000r\000c\000h\000i\000t\000e\000c\000t\000u\000r\000e\000\040\000g\000\351\000n\000\351\000r\000a\000l\000e}{section.2.9}% 89
\BOOKMARK [2][-]{subsection.2.9.2}{\376\377\000F\000o\000n\000c\000t\000i\000o\000n\000n\000e\000m\000e\000n\000t\000\040\000g\000\351\000n\000\351\000r\000a\000l}{section.2.9}% 90
\BOOKMARK [2][-]{subsection.2.9.3}{\376\377\000A\000v\000a\000n\000t\000a\000g\000e\000s\000\040\000d\000e\000\040\000l\000\047\000a\000r\000c\000h\000i\000t\000e\000c\000t\000u\000r\000e\000\040\000p\000r\000o\000p\000o\000s\000\351\000e}{section.2.9}% 91
\BOOKMARK [0][-]{chapter.3}{\376\377\000C\000O\000N\000C\000E\000P\000T\000I\000O\000N\000\040\000E\000T\000\040\000D\000\311\000V\000E\000L\000O\000P\000P\000E\000M\000E\000N\000T\000\040\000D\000\047\000U\000N\000\040\000J\000U\000M\000E\000A\000U\000\040\000N\000U\000M\000\311\000R\000I\000Q\000U\000E\000\040\000I\000N\000T\000\311\000G\000R\000A\000N\000T\000\040\000L\000\047\000I\000N\000T\000E\000L\000L\000I\000G\000E\000N\000C\000E\000\040\000A\000R\000T\000I\000F\000I\000C\000I\000E\000L\000L\000E}{}% 92
\BOOKMARK [1][-]{section.3.1}{\376\377\000I\000n\000t\000r\000o\000d\000u\000c\000t\000i\000o\000n}{chapter.3}% 93
\BOOKMARK [1][-]{section.3.2}{\376\377\000A\000n\000a\000l\000y\000s\000e\000\040\000d\000\351\000t\000a\000i\000l\000l\000\351\000e\000\040\000d\000u\000\040\000s\000y\000s\000t\000\350\000m\000e\000\040\000p\000r\000o\000p\000o\000s\000\351}{chapter.3}% 94
\BOOKMARK [2][-]{subsection.3.2.1}{\376\377\000O\000b\000j\000e\000c\000t\000i\000f\000\040\000d\000u\000\040\000s\000y\000s\000t\000\350\000m\000e\000\040\000p\000r\000o\000p\000o\000s\000\351}{section.3.2}% 95
\BOOKMARK [2][-]{subsection.3.2.2}{\376\377\000D\000e\000s\000c\000r\000i\000p\000t\000i\000o\000n\000\040\000g\000\351\000n\000\351\000r\000a\000l\000e\000\040\000d\000u\000\040\000s\000y\000s\000t\000\350\000m\000e}{section.3.2}% 96
\BOOKMARK [2][-]{subsection.3.2.3}{\376\377\000P\000r\000i\000n\000c\000i\000p\000a\000l\000e\000s\000\040\000f\000o\000n\000c\000t\000i\000o\000n\000n\000a\000l\000i\000t\000\351\000s}{section.3.2}% 97
\BOOKMARK [2][-]{subsection.3.2.4}{\376\377\000V\000a\000l\000e\000u\000r\000\040\000a\000j\000o\000u\000t\000\351\000e\000\040\000d\000u\000\040\000s\000y\000s\000t\000\350\000m\000e}{section.3.2}% 98
\BOOKMARK [1][-]{section.3.3}{\376\377\000C\000o\000n\000c\000e\000p\000t\000i\000o\000n\000\040\000d\000u\000\040\000s\000y\000s\000t\000\350\000m\000e}{chapter.3}% 99
\BOOKMARK [2][-]{subsection.3.3.1}{\376\377\000A\000r\000c\000h\000i\000t\000e\000c\000t\000u\000r\000e\000\040\000g\000\351\000n\000\351\000r\000a\000l\000e\000\040\000d\000u\000\040\000s\000y\000s\000t\000\350\000m\000e}{section.3.3}% 100
\BOOKMARK [2][-]{subsection.3.3.2}{\376\377\000A\000r\000c\000h\000i\000t\000e\000c\000t\000u\000r\000e\000\040\000p\000h\000y\000s\000i\000q\000u\000e}{section.3.3}% 101
\BOOKMARK [2][-]{subsection.3.3.3}{\376\377\000A\000r\000c\000h\000i\000t\000e\000c\000t\000u\000r\000e\000\040\000l\000o\000g\000i\000c\000i\000e\000l\000l\000e}{section.3.3}% 102
\BOOKMARK [3][-]{subsubsection.3.3.3.1}{\376\377\000C\000o\000u\000c\000h\000e\000\040\000d\000e\000\040\000p\000r\000\351\000s\000e\000n\000t\000a\000t\000i\000o\000n}{subsection.3.3.3}% 103
\BOOKMARK [3][-]{subsubsection.3.3.3.2}{\376\377\000C\000o\000u\000c\000h\000e\000\040\000m\000\351\000t\000i\000e\000r}{subsection.3.3.3}% 104
\BOOKMARK [3][-]{subsubsection.3.3.3.3}{\376\377\000C\000o\000u\000c\000h\000e\000\040\000i\000n\000t\000e\000l\000l\000i\000g\000e\000n\000c\000e\000\040\000a\000r\000t\000i\000f\000i\000c\000i\000e\000l\000l\000e}{subsection.3.3.3}% 105
\BOOKMARK [3][-]{subsubsection.3.3.3.4}{\376\377\000C\000o\000u\000c\000h\000e\000\040\000d\000o\000n\000n\000\351\000e\000s}{subsection.3.3.3}% 106
\BOOKMARK [2][-]{subsection.3.3.4}{\376\377\000A\000r\000c\000h\000i\000t\000e\000c\000t\000u\000r\000e\000\040\000f\000o\000n\000c\000t\000i\000o\000n\000n\000e\000l\000l\000e}{section.3.3}% 107
\BOOKMARK [2][-]{subsection.3.3.5}{\376\377\000A\000r\000c\000h\000i\000t\000e\000c\000t\000u\000r\000e\000\040\000d\000e\000\040\000d\000\351\000p\000l\000o\000i\000e\000m\000e\000n\000t}{section.3.3}% 108
\BOOKMARK [0][-]{chapter*.4}{\376\377\000R\000\351\000f\000\351\000r\000e\000n\000c\000e\000s\000\040\000b\000i\000b\000l\000i\000o\000g\000r\000a\000p\000h\000i\000q\000u\000e\000s}{}% 109
